cfi_flash.c:417:12:flash_isequal	48	static
cfi_flash.c:465:12:flash_isset	48	static
cfi_flash.c:753:21:find_sector	8	static
cfi_flash.c:707:13:6	12	static
cfi_flash.c:100:20:__cfi_flash_bank_addr	0	static
cfi_flash.c:107:22:__cfi_flash_bank_size	0	static
cfi_flash.c:199:15:flash_sector_size	0	static
cfi_flash.c:360:6:flash_write_cmd	48	static
cfi_flash.c:409:13:flash_unlock_seq	16	static
cfi_flash.c:564:12:flash_status_check	72	static
cfi_flash.c:602:12:flash_full_status_check	24	static
cfi_flash.c:779:12:flash_write_cfiword	32	static
cfi_flash.c:1049:5:flash_erase	32	static
cfi_flash.c:1197:6:flash_print_info	40	static
cfi_flash.c:1310:5:write_buff	64	static
cfi_flash.c:1465:5:flash_real_protect	32	static
cfi_flash.c:1591:6:flash_read_user_serial	24	static
cfi_flash.c:1609:6:flash_read_factory_serial	24	static
cfi_flash.c:1857:6:__flash_cmd_reset	8	static
cfi_flash.c:2013:7:flash_get_size	112	static
cfi_flash.c:2235:6:flash_protect_default	0	static
cfi_flash.c:2282:15:flash_init	88	static
