net.c:566:1:startAgainTimeout	0	static
net.c:621:13:dummy_handler	0	static
net.c:215:6:net_auto_load	8	static
net.c:627:11:net_get_udp_handler	0	static
net.c:632:6:net_set_udp_handler	0	static
net.c:641:11:net_get_arp_handler	0	static
net.c:646:6:net_set_arp_handler	0	static
net.c:663:1:NetSetTimeout	16	static
net.c:571:6:NetStartAgain	16	static
net.c:269:13:net_clear_handlers	8	static
net.c:1282:1:NetCksum	0	static
net.c:1275:1:NetCksumOk	8	static
net.c:934:1:NetReceive	48	static
net.c:1296:1:NetEthHdrSize	0	static
net.c:1309:1:NetSetEther	24	static
net.c:1334:5:net_update_ether	16	static
net.c:1357:6:net_set_ip_header	24	static
net.c:1378:6:net_set_udp_header	24	static
net.c:678:5:NetSendUDPPacket	48	static
net.c:1402:6:copy_filename	0	static
net.c:1428:6:ip_to_string	16	static
net.c:1438:6:VLAN_to_string	0	static
net.c:1451:8:string_to_VLAN	8	static
net.c:1466:8:getenv_VLAN	8	static
net.c:243:13:NetInitLoop	16	static
net.c:281:6:net_init	8	static
net.c:311:5:NetLoop	64	static
