pci.c:49:1:pci_hose_read_config_byte	8	static
pci.c:50:1:pci_hose_read_config_word	8	static
pci.c:51:1:pci_hose_read_config_dword	8	static
pci.c:52:1:pci_hose_write_config_byte	8	static
pci.c:53:1:pci_hose_write_config_word	8	static
pci.c:54:1:pci_hose_write_config_dword	8	static
pci.c:119:1:pci_hose_read_config_byte_via_dword	24	static
pci.c:120:1:pci_hose_read_config_word_via_dword	24	static
pci.c:121:1:pci_hose_write_config_byte_via_dword	32	static
pci.c:122:1:pci_hose_write_config_word_via_dword	32	static
pci.c:151:6:pci_register_hose	0	static
pci.c:168:24:pci_bus_to_hose	8	static
pci.c:189:5:pci_last_busno	0	static
pci.c:203:11:pci_find_devices	40	static
pci.c:260:11:pci_find_device	0	static
pci.c:274:5:__pci_hose_phys_to_bus	20	static
pci.c:305:12:pci_hose_phys_to_bus	40	static
pci.c:334:5:__pci_hose_bus_to_phys	20	static
pci.c:362:13:pci_hose_bus_to_phys	40	static
pci.c:125:7:pci_map_bar	24	static
pci.c:395:5:pci_hose_config_device	72	static
pci.c:490:26:pci_find_config	12	static
pci.c:514:6:pci_cfgfunc_config_device	16	static
pci.c:521:6:pci_cfgfunc_do_nothing	0	static
pci.c:537:14:pci_class_str	0	static
pci.c:601:5:__pci_skip_dev	0	static
pci.c:624:5:__pci_print_dev	0	static
pci.c:635:5:pci_hose_scan_bus	48	static
pci.c:717:5:pci_hose_scan	0	static
pci.c:733:6:pci_init	0	static
