pcie_iproc.c:232:5:iproc_pcie_rd_conf_dword	8	static
pcie_iproc.c:249:5:iproc_pcie_rd_conf_word	16	static
pcie_iproc.c:269:5:iproc_pcie_rd_conf_byte	16	static
pcie_iproc.c:289:5:iproc_pcie_wr_conf_dword	8	static
pcie_iproc.c:305:5:iproc_pcie_wr_conf_word	8	static
pcie_iproc.c:321:5:iproc_pcie_wr_conf_byte	8	static
pcie_iproc.c:338:5:pci_read_config_dword	8	static
pcie_iproc.c:355:5:pci_read_config_word	8	static
pcie_iproc.c:375:5:pci_read_config_byte	8	static
pcie_iproc.c:396:6:pci_bus0_read_config_word	0	static
pcie_iproc.c:409:6:pci_bus0_read_config_byte	0	static
pcie_iproc.c:422:5:pci_write_config_dword	8	static
pcie_iproc.c:438:5:pci_write_config_word	8	static
pcie_iproc.c:454:5:pci_write_config_byte	8	static
pcie_iproc.c:470:6:pci_bus0_write_config_word	0	static
pcie_iproc.c:494:6:pci_bus0_write_config_byte	0	static
pcie_iproc.c:570:5:pcie_diag_wr_conf_dword	4	static
pcie_iproc.c:589:5:pcie_diag_rd_conf_dword	4	static
pcie_iproc.c:910:6:pci_iproc_init_board	56	static
pcie_iproc.c:1130:5:pci_skip_dev	0	static
pcie_iproc.c:1136:5:pci_print_dev	0	static
