bcmiproc_ethHw.c:1885:1:gmac_init_reset	0	static
bcmiproc_ethHw.c:1898:1:gmac_clear_reset	0	static
bcmiproc_ethHw.c:1911:1:gmac_loopback	16	static
bcmiproc_ethHw.c:1661:1:1	16	static
bcmiproc_ethHw.c:1691:1:2	16	static
bcmiproc_ethHw.c:1990:1:gmac_speed	16	static
bcmiproc_ethHw.c:1548:1:9	0	static
bcmiproc_ethHw.c:176:6:gmac_cache_flush	0	static
bcmiproc_ethHw.c:191:6:gmac_cache_inval	0	static
bcmiproc_ethHw.c:293:1:ethHw_Exit	16	static
bcmiproc_ethHw.c:329:1:ethHw_arlEntrySet	16	static
bcmiproc_ethHw.c:353:1:ethHw_macEnableSet	24	static
bcmiproc_ethHw.c:372:1:ethHw_macEnableGet	4	static
bcmiproc_ethHw.c:669:1:ethHw_dmaInit	8	static
bcmiproc_ethHw.c:744:1:ethHw_dmaRxInit	32	static
bcmiproc_ethHw.c:791:1:ethHw_dmaTxInit	16	static
bcmiproc_ethHw.c:836:1:ethHw_dmaTx	40	static
bcmiproc_ethHw.c:901:1:ethHw_dmaTxWait	16	static
bcmiproc_ethHw.c:1056:1:ethHw_dmaRx	104	static
bcmiproc_ethHw.c:1155:1:ethHw_dmaAttach	32	static
bcmiproc_ethHw.c:1203:1:ethHw_dmaDetach	8	static
bcmiproc_ethHw.c:654:1:ethHw_chipDetach	8	static
bcmiproc_ethHw.c:1218:1:ethHw_dmaDisable	8	static
bcmiproc_ethHw.c:1235:1:ethHw_dmaEnable	8	static
bcmiproc_ethHw.c:1252:1:ethHw_miiphy_read	56	static
bcmiproc_ethHw.c:1295:1:ethHw_miiphy_write	40	static
bcmiproc_ethHw.c:1335:1:ethHw_portLinkUp	16	static
bcmiproc_ethHw.c:1354:1:ethHw_checkPortSpeed	16	static
bcmiproc_ethHw.c:399:1:ethHw_chipAttach	56	static
bcmiproc_ethHw.c:214:1:ethHw_Init	24	static
bcmiproc_ethHw.c:2232:1:chip_phy_wr	32	static
bcmiproc_ethHw.c:2290:1:chip_phy_rd	32	static
