serial.c:131:12:0	8	static
serial.c:164:5:serial_init	8	static
serial.c:263:1:_serial_putc	16	static
serial.c:289:1:_serial_putc_raw	0	static
serial.c:306:1:_serial_puts	16	static
serial.c:315:1:_serial_getc	8	static
serial.c:332:1:_serial_tstc	0	static
serial.c:375:1:_serial_setbrg	8	static
serial.c:403:1:serial_putc	0	static
serial.c:417:1:serial_putc_raw	0	static
serial.c:431:1:serial_puts	0	static
serial.c:445:1:serial_getc	0	static
serial.c:459:1:serial_tstc	0	static
serial.c:473:1:serial_setbrg	0	static
serial.c:513:5:find_str_indx	12	static
serial.c:551:5:early_access_env_vars	560	static
