shmoo_ddr40.c:1124:13:_fill_in_data	0	static
shmoo_ddr40.c:96:6:soc_cm_debug	148	static
shmoo_ddr40.c:115:1:soc_timeout_init	8	static
shmoo_ddr40.c:126:1:soc_timeout_check	8	static
shmoo_ddr40.c:138:1:sal_usleep	24	static
shmoo_ddr40.c:146:1:soc_ddr40_set_shmoo_dram_config	0	static
shmoo_ddr40.c:151:5:soc_reg32_get	0	static
shmoo_ddr40.c:157:5:soc_reg32_set	0	static
shmoo_ddr40.c:165:1:_check_dram	0	static
shmoo_ddr40.c:178:1:_check_dram_either	16	static
shmoo_ddr40.c:194:1:_check_dram_both	16	static
shmoo_ddr40.c:224:1:_soc_ddr40_mem_rowstoloc	0	static
shmoo_ddr40.c:237:1:_soc_ddr40_mem_gradetoloc	0	static
shmoo_ddr40.c:431:5:_soc_ddr40_pll_calc	56	static
shmoo_ddr40.c:989:1:soc_ddr40_ctlr_reset	0	static
shmoo_ddr40.c:998:1:soc_ddr40_ctlr_ctl	0	static
shmoo_ddr40.c:1004:5:soc_ddr40_read	40	static
shmoo_ddr40.c:1031:5:soc_ddr40_write	32	static
shmoo_ddr40.c:1066:1:soc_ddr40_phy_reg_ci_read	0	static
shmoo_ddr40.c:267:1:_shmoo_print_diagnostics	112	static
shmoo_ddr40.c:1081:1:soc_ddr40_phy_reg_ci_write	0	static
shmoo_ddr40.c:3253:12:6	104	static
shmoo_ddr40.c:622:1:soc_ddr40_phy_calibrate	56	static
shmoo_ddr40.c:1096:1:soc_ddr40_phy_reg_ci_modify	0	static
shmoo_ddr40.c:469:1:_soc_ddr40_phy_PVT_ctl	48	static
shmoo_ddr40.c:1118:8:_get_random	0	static
shmoo_ddr40.c:1194:1:_test_func_self_test_1_arad	160	static
shmoo_ddr40.c:1401:1:_test_func_self_test_1	0	static
shmoo_ddr40.c:1412:1:_test_func_self_test_2_arad	120	static
shmoo_ddr40.c:1515:1:_test_func_self_test_2	0	static
shmoo_ddr40.c:1572:5:_soc_ddr_shmoo_prepare_for_shmoo	32	static
shmoo_ddr40.c:1908:5:_soc_arad_mem_reset_and_init_after_shmoo_addr	0	static
shmoo_ddr40.c:1914:1:_soc_mem_reset_and_init_after_shmoo_addr	0	static
shmoo_ddr40.c:1924:5:_shmoo_init_vdl_result	80	static
shmoo_ddr40.c:2237:1:_shmoo_rd_data_dly	144	static
shmoo_ddr40.c:3724:1:_soc_ddr40_shmoo_get_init_step	48	static
shmoo_ddr40.c:3946:1:_soc_ddr40_shmoo_do	152	static
shmoo_ddr40.c:3968:1:_soc_ddr40_shmoo_calib	144	static
shmoo_ddr40.c:3985:5:_soc_ddr40_shmoo_plot	152	static
shmoo_ddr40.c:4310:1:_soc_ddr40_shmoo_set_new_step	40	static
shmoo_ddr40.c:4515:1:soc_ddr40_shmoo_ctl	40	static
