LzmaDec.c:462:26:LzmaDec_WriteRem	20	static
LzmaDec.c:488:25:LzmaDec_DecodeReal2	128	static
LzmaDec.c:521:19:LzmaDec_TryDummy	40	static
LzmaDec.c:719:6:LzmaDec_InitDicAndState	0	static
LzmaDec.c:735:6:LzmaDec_Init	0	static
LzmaDec.c:753:6:LzmaDec_DecodeToDic	40	static
LzmaDec.c:874:6:LzmaDec_DecodeToBuf	56	static
LzmaDec.c:914:6:LzmaDec_FreeProbs	8	static
LzmaDec.c:958:13:LzmaDec_AllocateProbs2	16	static
LzmaDec.c:926:6:LzmaDec_Free	16	static
LzmaDec.c:932:6:LzmaProps_Decode	8	static
LzmaDec.c:972:6:LzmaDec_AllocateProbs	40	static
LzmaDec.c:981:6:LzmaDec_Allocate	40	static
LzmaDec.c:1003:6:LzmaDecode	152	static
