iproc_nand.c:939:1:iproc_nand_waitfunc	0	static
iproc_nand.c:1182:16:iproc_nand_read_byte	0	static
iproc_nand.c:926:13:iproc_nand_read_buf	16	static
iproc_nand.c:1249:12:iproc_nand_verify_buf	0	static
iproc_nand.c:1257:13:iproc_nand_cmd_ctrl	0	static
iproc_nand.c:217:12:iproc_check_nand_done	32	static
iproc_nand.c:656:12:_iproc_nand_one_page_read	72	static
iproc_nand.c:982:12:iproc_nand_mark_bad	8	static
iproc_nand.c:947:12:iproc_nand_block_bad	8	static
iproc_nand.c:1265:12:nand_dev_ready	24	static
iproc_nand.c:283:12:0	0	static
iproc_nand.c:1021:5:iproc_nand_scan_bad_blocks	64	static
iproc_nand.c:1331:5:iproc_nand_set_cs_select	0	static
iproc_nand.c:1420:5:iproc_nand_onfi_parameter_pages	16	static
iproc_nand.c:330:12:1	1104	static
iproc_nand.c:1348:5:iproc_nand_init	32	static
iproc_nand.c:1271:5:board_nand_init	24	static
iproc_nand.c:1460:5:iproc_nand_ecc_set_config	4	static
iproc_nand.c:1483:10:iproc_nand_onfi_ecc_update	0	static
iproc_nand.c:1580:5:iproc_nand_get_config	16	static
iproc_nand.c:1663:5:iproc_nand_ecc_get_config	0	static
iproc_nand.c:1732:5:iproc_nand_page_read	48	static
iproc_nand.c:1050:12:iproc_nand_read_page	16	static
iproc_nand.c:1755:5:iproc_nand_block_erase	24	static
iproc_nand.c:1681:5:iproc_nand_page_program	96	static
iproc_nand.c:1069:13:iproc_nand_write_page_hwecc	16	static
iproc_nand.c:1085:12:iproc_nand_write_page	16	static
iproc_nand.c:1101:13:iproc_nand_command	24	static
