string.c:65:8:strcpy	0	static
string.c:86:8:strncpy	0	static
string.c:103:8:strcat	0	static
string.c:126:8:strncat	4	static
string.c:151:5:strcmp	0	static
string.c:171:5:strncmp	4	static
string.c:191:8:strchr	0	static
string.c:224:7:skip_spaces	0	static
string.c:261:8:strlen	0	static
string.c:239:7:strim	16	static
string.c:206:8:strrchr	16	static
string.c:277:8:strnlen	4	static
string.c:288:8:strdup	16	static
string.c:309:8:strspn	8	static
string.c:335:8:strpbrk	8	static
string.c:357:8:strtok	16	static
string.c:390:8:strsep	16	static
string.c:414:7:strswab	0	static
string.c:443:8:memset	4	static
string.c:483:8:bcopy	4	static
string.c:504:8:memcpy	12	static
string.c:538:8:memmove	0	static
string.c:569:5:memcmp	4	static
string.c:591:8:memscan	0	static
string.c:611:8:strstr	24	static
string.c:639:7:memchr	0	static
