bootapp.c:1011:6:cmdHelp	16	static
bootapp.c:686:13:sysReboot	1032	static
bootapp.c:456:13:cmdReadLine	16	static
bootapp.c:1052:6:cmdReset	264	static
bootapp.c:1033:6:cmdReboot	264	static
bootapp.c:217:6:skipSpace	16	static
bootapp.c:604:6:cmdParseCmd	16	static
bootapp.c:864:5:getStartUpIndex	264	static
bootapp.c:896:6:setStartUpIndex	264	static
bootapp.c:924:6:resaveStartupIndex	8	static
bootapp.c:964:6:printBootromLogo	128	static
bootapp.c:1250:6:menu_shell	280	static
bootapp.c:1282:5:abortboot	16	static
bootapp.c:1325:5:AutoFixKernel	1312	static
bootapp.c:810:13:imageFileExist	48	static
bootapp.c:1194:6:cmdShowImage	64	static
bootapp.c:1147:6:cmdActivateBackupImage	272	static
bootapp.c:1073:6:cmdStart	1552	static
bootapp.c:1316:6:AutoStart	8	static
