cmd_nvedit.c:1009:12:do_env	24	static
cmd_nvedit.c:706:12:do_env_delete	8	static
cmd_nvedit.c:871:12:do_env_import	56	static
cmd_nvedit.c:669:12:do_env_default	8	static
cmd_nvedit.c:633:5:do_env_save	8	static
cmd_nvedit.c:112:12:env_print	32	static
cmd_nvedit.c:142:5:do_env_print	24	static
cmd_nvedit.c:101:5:get_env_id	0	static
cmd_nvedit.c:213:5:env_check_apply	24	static
cmd_nvedit.c:333:5:_do_env_set	64	static
cmd_nvedit.c:446:5:do_env_set	0	static
cmd_nvedit.c:405:5:setenv	24	static
cmd_nvedit.c:759:12:do_env_export	96	static
cmd_nvedit.c:422:5:setenv_ulong	8	static
cmd_nvedit.c:437:5:setenv_addr	32	static
cmd_nvedit.c:656:5:envmatch	24	static
cmd_nvedit.c:576:5:getenv_f	32	static
cmd_nvedit.c:552:7:getenv	32	static
cmd_nvedit.c:620:7:getenv_ulong	16	static
