console.c:50:12:console_setfile	16	static
console.c:207:5:serial_printf	1064	static
console.c:225:5:fgetc	8	static
console.c:256:5:ftstc	8	static
console.c:264:6:fputc	8	static
console.c:270:6:fputs	8	static
console.c:276:5:fprintf	1068	static
console.c:297:5:getc	0	static
console.c:316:5:tstc	0	static
console.c:368:6:putc	0	static
console.c:392:6:puts	0	static
console.c:416:5:printf	1064	static
console.c:440:5:vprintf	1064	static
console.c:463:5:ctrlc	16	static
console.c:482:5:disable_ctrlc	0	static
console.c:490:5:had_ctrlc	0	static
console.c:495:6:clear_ctrlc	0	static
console.c:533:13:dbg	0	static
console.c:540:19:search_device	8	static
console.c:552:5:console_assign	8	static
console.c:581:5:console_init_f	0	static
console.c:598:6:stdio_print_current_devices	0	static
console.c:714:5:console_init_r	24	static
