hush.c:940:12:static_get	0	static
hush.c:947:12:static_peek	0	static
hush.c:1126:12:file_peek	0	static
hush.c:386:13:syntax_err	0	static
hush.c:3631:5:do_showvar	48	static
hush.c:3305:14:xmalloc	8	static
hush.c:1991:12:free_pipe_list	40	static
hush.c:3316:14:xrealloc	8	static
hush.c:2519:12:done_command	16	static
hush.c:2270:12:is_assignment	0	static
hush.c:1083:12:file_get	32	static
hush.c:891:12:b_addchr	16	static
hush.c:919:12:b_addqchr	16	static
hush.c:2127:7:get_local_var	16	static
hush.c:2149:5:set_local_var	32	static
hush.c:3495:14:insert_var_value_sub	48	static
hush.c:2240:6:unset_local_var	16	static
hush.c:2332:14:new_pipe	8	static
hush.c:2567:12:done_pipe	16	static
hush.c:2390:5:reserved_word	32	static
hush.c:2439:12:done_word	24	static
hush.c:3127:6:mapset	0	static
hush.c:3133:6:update_ifs_map	16	static
hush.c:3232:5:parse_string_outer	40	static
hush.c:1752:12:run_list_real	104	static
hush.c:3161:5:parse_stream_outer	112	static
hush.c:3261:5:parse_file_outer	32	static
hush.c:3289:5:u_boot_hush_start	16	static
