image.c:180:5:image_check_hcrc	72	static
image.c:195:5:image_check_dcrc	8	static
image.c:217:7:image_multi_count	0	static
image.c:250:6:image_multi_getimg	24	static
image.c:427:5:getenv_yesno	8	static
image.c:433:7:getenv_bootm_low	8	static
image.c:450:13:getenv_bootm_size	8	static
image.c:472:13:getenv_bootm_mapsize	8	static
image.c:488:6:memmove_wd	0	static
image.c:508:6:genimg_print_size	0	static
image.c:550:7:get_table_entry_name	0	static
image.c:563:13:genimg_get_os_name	0	static
image.c:568:13:genimg_get_arch_name	0	static
image.c:574:13:genimg_get_type_name	0	static
image.c:579:13:genimg_get_comp_name	0	static
image.c:310:6:image_print_contents	24	static
image.c:599:5:get_table_entry_id	16	static
image.c:633:5:genimg_get_os_id	0	static
image.c:638:5:genimg_get_arch_id	0	static
image.c:643:5:genimg_get_type_id	0	static
image.c:648:5:genimg_get_comp_id	0	static
image.c:668:5:genimg_get_format	0	static
image.c:700:7:genimg_get_image	0	static
image.c:772:5:genimg_has_config	0	static
image.c:803:5:boot_get_ramdisk	32	static
image.c:1077:5:boot_ramdisk_high	24	static
