1c000000 T __image_copy_start
1c000000 T _start
1c000020 t _undefined_instruction
1c000024 t _software_interrupt
1c000028 t _prefetch_abort
1c00002c t _data_abort
1c000030 t _not_used
1c000034 t _irq
1c000038 t _fiq
1c00003c t _pad
1c000040 T _TEXT_BASE
1c000040 T _end_vect
1c000044 T _bss_start_ofs
1c000048 T _image_copy_end_ofs
1c00004c T _bss_end_ofs
1c000050 T _end_ofs
1c000054 T IRQ_STACK_START
1c000058 T FIQ_STACK_START
1c00005c T IRQ_STACK_START_IN
1c000060 t reset
1c000090 t call_board_init_f
1c0000a0 T relocate_code
1c0000ac t stack_setup
1c0000cc t copy_loop
1c0000fc t fixloop
1c000120 t fixabs
1c000134 t fixrel
1c00013c t fixnext
1c000150 t _rel_dyn_start_ofs
1c000154 t _rel_dyn_end_ofs
1c000158 t _dynsym_start_ofs
1c00015c t clear_bss
1c000174 t clbss_l
1c000198 t vect_copy_loop
1c0001a8 t clbss_e
1c0001a8 t jump_2_ram
1c0001dc t _board_init_r_ofs
1c0001e0 W save_boot_params
1c0001e4 T cpu_init_cp15
1c00021c T cpu_init_crit
1c000220 t undefined_instruction
1c000280 t software_interrupt
1c0002e0 t prefetch_abort
1c000340 t data_abort
1c0003a0 t not_used
1c000400 t irq
1c000440 t fiq
1c0004a0 T DDR_PHY_STRP_STAT
1c0004a4 T mmu_table_addr
1c0004a8 T lowlevel_init
1c000530 t way_loop
1c000534 t set_loop
1c000570 t scu_enable
1c0005b4 t l2cc_init
1c0005d8 t test_inv_way
1c000634 t loop1
1c00063c t cdelay1
1c00065c t l2cc_init_done
1c000660 t ddr_init
1c000698 t wait_for_ddr_phy_up
1c0006ac t ddr_phy_rdy
1c0006d8 t wait_for_ddr_phy_pll_lock
1c0006fc t ddr_phy_pll_lock_done
1c000758 t wait_for_ddr_phy_calib_lock
1c00077c t ddr_phy_calib_lock_done
1c000794 t calib_override
1c000924 t ddr_cntrl_prog
1c0012cc t poll_ddr_ctrl_begin
1c0012d0 t poll_ddr_ctrl
1c0012e4 t coreo_init_done
1c0012e4 t ddr_init_done
1c0017e0 T iproc_clk_enum
1c001930 T glb_tim_init
1c001958 T timer_init
1c001968 T get_timer
1c0019fc T __udelay
1c001ac0 T iproc_systick_init
1c001b18 T systick_isr
1c001b2c T get_ticks
1c001b40 T get_tbclk
1c001b48 T reset_cpu
1c001b5c t default_isr
1c001b78 T get_cpuid
1c001b84 T gic_enable_distributor
1c001b9c T gic_disable_distributor
1c001bb4 T gic_enable_interrupt
1c001bd8 T gic_disable_interrupt
1c001bfc T gic_set_sgi
1c001c28 T gic_config_interrupt
1c001d30 T gic_init
1c001e24 T do_irq
1c001f14 T irq_install_handler
1c001f90 T arch_interrupt_init
1c001fe8 T scu_disable
1c002000 T scu_enable
1c002020 T l2cc_init
1c00204c T l2cc_invalidate
1c002060 T l2cc_unlock
1c002074 T l2cc_enable
1c0020e8 T l2cc_disable
1c0021ac T bench_screen_test1
1c0021f8 T iproc_config_genpll
1c00238c T iproc_get_axi_clk
1c0023dc T iproc_get_uart_clk
1c00243c T ihost_pwrdown_neon
1c0024dc T ihost_pwrdown_cpu
1c002568 T iproc_config_armpll
1c002764 T iproc_get_ddr3_clock_mhz
1c0027a4 T change_ddr_clock
1c0028d0 T dump_phy_regs
1c0028d4 T ddr_init_regs
1c002900 T ddr_phy_ctl_regs_ovrd
1c00293c T ddr_phy_wl_regs_ovrd
1c002998 T ReWriteModeRegisters
1c002a04 T is_ddr_32bit
1c002a0c T ddr_init
1c002d58 T ddr_init2
1c003080 t iproc_nand_waitfunc
1c003088 t iproc_nand_read_byte
1c0031c4 t iproc_nand_read_buf
1c0031f4 t iproc_nand_verify_buf
1c0031fc t iproc_nand_cmd_ctrl
1c003200 t iproc_check_nand_done
1c003338 t _iproc_nand_one_page_read
1c0035d8 t iproc_nand_mark_bad
1c003658 t iproc_nand_block_bad
1c003700 t nand_dev_ready
1c003780 t iproc_nand_onfi_parameters_cmd.part.0
1c0037a8 T iproc_nand_scan_bad_blocks
1c003918 T iproc_nand_set_cs_select
1c00393c T iproc_nand_onfi_parameter_pages
1c003a04 t iproc_nand_config.part.1
1c004150 T iproc_nand_init
1c004310 T board_nand_init
1c004480 T iproc_nand_ecc_set_config
1c0044fc T iproc_nand_onfi_ecc_update
1c00462c T iproc_nand_get_config
1c004788 T iproc_nand_ecc_get_config
1c0047b4 T iproc_nand_page_read
1c0048d8 t iproc_nand_read_page
1c004958 T iproc_nand_block_erase
1c004ab4 T iproc_nand_page_program
1c004eac t iproc_nand_write_page_hwecc
1c004f30 t iproc_nand_write_page
1c004fac t iproc_nand_command
1c005200 T invalidate_dcache
1c005230 t way_loop
1c005234 t set_loop
1c005280 T v7_flush_dcache_all
1c005294 t loop1
1c0052d0 t loop2
1c0052d4 t loop3
1c0052f0 t skip
1c0052fc t finished
1c00530c T v7_flush_cache_all
1c005340 t _fill_in_data
1c005380 T soc_cm_debug
1c0053d8 T soc_timeout_init
1c005414 T soc_timeout_check
1c005438 T sal_usleep
1c005468 T soc_ddr40_set_shmoo_dram_config
1c00546c T soc_reg32_get
1c005480 T soc_reg32_set
1c00548c T _check_dram
1c00549c T _check_dram_either
1c0054c4 T _check_dram_both
1c00550c T _soc_ddr40_mem_rowstoloc
1c00552c T _soc_ddr40_mem_gradetoloc
1c0055c8 T _soc_ddr40_pll_calc
1c0056ac T soc_ddr40_ctlr_reset
1c0056b4 T soc_ddr40_ctlr_ctl
1c0056bc T soc_ddr40_read
1c005750 T soc_ddr40_write
1c0057c4 T soc_ddr40_phy_reg_ci_read
1c0057e4 t _shmoo_print_diagnostics
1c005ef4 T soc_ddr40_phy_reg_ci_write
1c005f10 t _calib_all.isra.6
1c006538 T soc_ddr40_phy_calibrate
1c006d5c T soc_ddr40_phy_reg_ci_modify
1c006d94 T _soc_ddr40_phy_PVT_ctl
1c007134 T _get_random
1c00713c T _test_func_self_test_1_arad
1c0075c8 T _test_func_self_test_1
1c0075cc T _test_func_self_test_2_arad
1c0078a0 T _test_func_self_test_2
1c0078a4 T _soc_ddr_shmoo_prepare_for_shmoo
1c0081b4 T _soc_arad_mem_reset_and_init_after_shmoo_addr
1c0081bc T _soc_mem_reset_and_init_after_shmoo_addr
1c0081c0 T _shmoo_init_vdl_result
1c008564 T _shmoo_rd_data_dly
1c008acc T _soc_ddr40_shmoo_get_init_step
1c008de0 T _soc_ddr40_shmoo_do
1c009dbc T _soc_ddr40_shmoo_calib
1c00a7d8 T _soc_ddr40_shmoo_plot
1c00b314 T _soc_ddr40_shmoo_set_new_step
1c00b81c T soc_ddr40_shmoo_ctl
1c00c36c t v7_maint_dcache_all
1c00c458 t v7_dcache_inval_range
1c00c508 T invalidate_icache_all
1c00c520 T __v7_outer_cache_enable
1c00c524 T __v7_outer_cache_disable
1c00c528 T __v7_outer_cache_flush_all
1c00c52c T flush_dcache_all
1c00c540 T __v7_outer_cache_inval_all
1c00c544 T invalidate_dcache_all
1c00c558 T arm_init_before_mmu
1c00c580 T __v7_outer_cache_flush_range
1c00c584 T flush_dcache_range
1c00c5c4 T flush_cache
1c00c5cc T __v7_outer_cache_inval_range
1c00c5d0 T invalidate_dcache_range
1c00c60c W cpu_cache_initialization
1c00c610 T cleanup_before_linux
1c00c638 T sdelay
1c00c644 T sr32
1c00c66c T wait_on_value
1c00c6a8 t display_banner
1c00c6b0 T __arch_cpu_init
1c00c6b0 W arch_cpu_init
1c00c6b8 t init_baudrate
1c00c6f8 T __coloured_LED_init
1c00c6f8 W coloured_LED_init
1c00c6fc T __red_led_on
1c00c6fc W red_led_on
1c00c700 T __red_led_off
1c00c700 W red_led_off
1c00c704 T __green_led_on
1c00c704 W green_led_on
1c00c708 T __green_led_off
1c00c708 W green_led_off
1c00c70c T __yellow_led_on
1c00c70c W yellow_led_on
1c00c710 T __yellow_led_off
1c00c710 W yellow_led_off
1c00c714 T __blue_led_on
1c00c714 W blue_led_on
1c00c718 T __blue_led_off
1c00c718 W blue_led_off
1c00c71c T __dram_init_banksize
1c00c71c W dram_init_banksize
1c00c738 T board_init_r
1c00c828 T hang
1c00c840 T board_init_f
1c00c980 t boot_jump_linux
1c00c9f8 t boot_prep_linux
1c00cb60 T arch_lmb_reserve
1c00cb84 T do_bootm_linux
1c00cbe0 T v7_outer_cache_inval_all
1c00cc1c T v7_outer_cache_flush_all
1c00cc58 T v7_outer_cache_flush_range
1c00cc90 T v7_outer_cache_inval_range
1c00cd3c T v7_outer_cache_disable
1c00cd50 T v7_outer_cache_enable
1c00cd64 T interrupt_init
1c00cdbc T enable_interrupts
1c00cdcc T disable_interrupts
1c00cde4 T bad_mode
1c00cdf8 T show_regs
1c00cf68 T do_undefined_instruction
1c00cf90 T do_software_interrupt
1c00cfb8 T do_prefetch_abort
1c00cfe0 T do_data_abort
1c00d008 T do_not_used
1c00d030 T do_fiq
1c00d058 T do_reset
1c00d088 T __flush_cache
1c00d08c T __flush_dcache_all
1c00d098 T __enable_caches
1c00d098 W enable_caches
1c00d09c t cache_enable
1c00d1e8 t cache_disable
1c00d254 T __arm_init_before_mmu
1c00d258 T icache_enable
1c00d260 T icache_disable
1c00d268 T icache_status
1c00d274 T dcache_enable
1c00d27c T dcache_disable
1c00d284 T dcache_status
1c00d290 T cmdHelp
1c00d318 t sysReboot
1c00d360 t cmdReadLine
1c00d3cc T cmdReset
1c00d46c T cmdReboot
1c00d4f0 T skipSpace
1c00d5b0 T cmdParseCmd
1c00d6a4 T getStartUpIndex
1c00d718 T setStartUpIndex
1c00d800 T resaveStartupIndex
1c00d81c T printBootromLogo
1c00d970 T menu_shell
1c00d9c0 T abortboot
1c00da64 T AutoFixKernel
1c00dbe4 t imageFileExist
1c00de00 T cmdShowImage
1c00df60 T cmdActivateBackupImage
1c00e03c T cmdStart
1c00e244 T AutoStart
1c00e260 T do_menu
1c00e270 W do_go_exec
1c00e288 T do_go
1c00e304 t do_bootm_rtems
1c00e340 t do_bootm_netbsd
1c00e488 t bootm_load_os.isra.10
1c00e5e0 t bootm_start.isra.9
1c00e9b0 T __arch_preboot_os
1c00e9b0 W arch_preboot_os
1c00e9b4 T do_bootm_subcommand
1c00ec34 T do_bootm
1c00eef4 T bootm_maybe_autostart
1c00ef8c T do_coninfo
1c00f088 T do_echo
1c00f16c T do_exit
1c00f1a0 t flash_fill_sect_ranges
1c00f36c t abbrev_spec
1c00f4b8 T do_flinfo
1c00f540 T flash_sect_roundb
1c00f5e8 t addr_spec
1c00f6b4 T flash_sect_erase
1c00f774 T do_flerase
1c00fa2c T flash_sect_protect
1c00fb58 T do_protect
1c010010 T do_help
1c010070 t evalexp
1c0100e8 T binary_test
1c0102e4 T do_itest
1c010378 T do_license
1c010404 t bin_data_init
1c010420 t load_serial_ymodem
1c010560 t getcxmodem
1c010580 t bin_data_char
1c0105a4 T send_pad
1c0105f4 T ktrans
1c010618 T chk1
1c010650 T s1_sendpacket
1c01067c T send_ack
1c0106f8 T send_nack
1c010774 T k_data_init
1c0107b0 T k_data_save
1c0107d4 T k_data_restore
1c0107f4 T k_data_char
1c010874 T handle_send_packet
1c010b60 T do_load_serial_bin
1c0110e0 T do_mem_crc
1c011254 T do_mem_base
1c0112ac T do_mem_mtest
1c0114b0 T do_mem_loop
1c0115cc T do_mem_cmp
1c011750 T do_mem_mw
1c01181c T do_mem_cp
1c01197c T do_mem_mwc
1c011a00 T do_mem_md
1c011af0 T do_mem_mdc
1c011b74 t mod_mem.isra.0
1c011d34 T do_mem_nm
1c011d3c T do_mem_mm
1c011d44 t extract_range
1c011da4 t do_mii
1c0127b4 T do_sleep
1c012824 t part_delall
1c012870 t memsize_parse
1c01294c t get_mtd_info
1c0129e0 t mtd_part_info
1c012aa0 t index_partitions
1c012bb8 t current_save
1c012cb4 t part_sort_add
1c012e24 t memsize_format
1c012ea0 t device_del
1c012f3c t part_validate
1c0132a0 t generate_mtdparts_save.constprop.9
1c0135d0 t device_delall.constprop.11
1c013644 t mtd_devices_init
1c013684 T mtd_device_validate
1c0136c0 T device_find
1c013728 t device_parse
1c013cd0 T mtd_id_parse
1c013e28 T find_dev_and_part
1c014030 T mtdparts_init
1c0147d4 T do_mtdparts
1c014f18 T do_chpart
1c015014 t set_dev
1c0150a4 t nand_print_and_set_info
1c0151dc t nand_load_image
1c0153cc T do_nandboot
1c015664 t arg_off
1c015790 t arg_off_size
1c015934 T do_nand
1c0165c4 T do_ping
1c016650 t netboot_common
1c016a1c T do_dhcp
1c016a28 T do_tftpb
1c016a34 T do_bootp
1c016a40 t do_env
1c016aa4 t do_env_delete
1c016ac0 t do_env_import
1c016d8c t do_env_default
1c016e3c T do_env_save
1c016e7c t env_print
1c016f3c T do_env_print
1c016fdc T get_env_id
1c016fec T env_check_apply
1c017238 T _do_env_set
1c017430 T do_env_set
1c017450 T setenv
1c0174b8 t do_env_export
1c0177e8 T setenv_ulong
1c017808 T setenv_addr
1c017840 T envmatch
1c0178a4 T getenv_f
1c017974 T getenv
1c0179f4 T getenv_ulong
1c017a24 t pci_cfg_write
1c017a64 t pci_cfg_modify.isra.0
1c017be4 T pci_header_show_brief
1c017c34 T pci_header_show
1c01868c T pciinfo
1c0187f4 T pcie_diag_header_show
1c01924c T get_pci_dev
1c019370 T do_pci
1c0196dc t do_spi_flash
1c019d78 T source
1c019ea8 T do_source
1c019ef0 T do_false
1c019ef8 T do_true
1c019f00 T do_test
1c01a460 T do_version
1c01a4b4 T find_cmd_tbl
1c01a56c T find_cmd
1c01a5ac T cmd_usage
1c01a618 T _do_help
1c01a7fc T var_complete
1c01a874 T cmd_auto_complete
1c01ae8c T cmd_get_data_size
1c01aeec T cmd_process
1c01af74 t console_setfile
1c01b024 T serial_printf
1c01b06c T fgetc
1c01b0a8 T ftstc
1c01b0e4 T fputc
1c01b120 T fputs
1c01b15c T fprintf
1c01b1a8 T getc
1c01b1dc T tstc
1c01b210 T putc
1c01b244 T puts
1c01b278 T printf
1c01b2d0 T vprintf
1c01b310 T ctrlc
1c01b364 T disable_ctrlc
1c01b380 T had_ctrlc
1c01b394 T clear_ctrlc
1c01b3ac T dbg
1c01b3b8 T search_device
1c01b3e8 T console_assign
1c01b42c T console_init_f
1c01b448 T stdio_print_current_devices
1c01b44c T console_init_r
1c01b540 T sbrk
1c01b5c8 T mem_malloc_init
1c01b61c T malloc_trim
1c01b708 T free
1c01b994 T cfree
1c01b998 T malloc
1c01c108 T calloc
1c01c1ec T memalign
1c01c30c T pvalloc
1c01c324 T valloc
1c01c330 T realloc
1c01c85c T malloc_usable_size
1c01c898 T mallopt
1c01c928 W env_get_char_spec
1c01c928 t __env_get_char_spec
1c01c934 T env_get_addr
1c01c96c T env_get_char_memory
1c01c97c T env_get_char
1c01c9bc T set_default_env
1c01ca88 T set_default_vars
1c01cae0 T env_import
1c01cbf8 T env_relocate
1c01cc2c T env_complete
1c01cd58 T saveenv
1c01cf28 T env_relocate_spec
1c01cfe4 T env_init
1c01d010 t dummy
1c01d014 T get_version
1c01d01c T jumptable_init
1c01d258 T flash_protect
1c01d37c T addr2info
1c01d3d4 T flash_write
1c01d548 T flash_perror
1c01d65c T flashAppInit
1c01d8ac T flashGetBootSize
1c01d8fc T flashGetKernelOffset
1c01d94c T flashGetKernelSize
1c01d9a0 T flashGetUsrImgOffset
1c01da34 T flashGetUsrImgSize
1c01dab4 T flashGetUsrAppOffset
1c01db04 T flashGetUsrAppSize
1c01db58 T flashGetFlVer
1c01dbc8 T flashGetDftGevFsSize
1c01dc24 T writeFlash
1c01dc28 T readFlash
1c01dc2c T writeBootrom
1c01dc58 T l_freeFlashInnerItems
1c01dcb0 T flashAppInnerInit_patch
1c01de34 T flashAppInnerEnum
1c01de48 T flashAppInnerInit
1c01e0dc T flashAppInnerSet
1c01e5a4 T flashAppInnerUnset
1c01e85c T flashAppInnerGet
1c01e930 T flashAppInnerGetOffset
1c01e9d8 T flashAppInnerReset
1c01eb38 T getDftGevContent
1c01eee0 T resetEnv
1c01ef80 T _getGevItem
1c01f06c T _setGevItem
1c01f13c T _gevSetBack
1c01f2a0 T _freeEnvItems
1c01f2e4 T _initReadGev
1c01f4dc T getEnvItem
1c01f588 T _checkEnvIsValid
1c01f7b8 T flashAppInnerGevInit
1c01f84c T setEnvItem
1c01fbd8 T copyEnvItem
1c01fc6c T delEnvItem
1c01fe54 T updateGevItem
1c0200c0 T printEnvItems
1c020164 T sysGetBootFromFlash
1c020208 T sysSetBootToFlash
1c0202b0 T _getProfileItem
1c02036c T sysGetMacFromFlash
1c020414 T sysGetProductId
1c020474 T sysFirmwareCheckProduct
1c0204b0 T flashProbe
1c0204f4 T flashDrvLibInit
1c020530 T flashGetSectorCount
1c020544 T flashGetSectorSize
1c020554 T flashDiagnostic
1c02055c T flashEraseBank
1c020628 T flashErase
1c020708 T flashBlkWrite
1c0207fc T flashBlkRead
1c020900 T flashSyncFilesystem
1c020908 T flashProtectOn
1c020968 T flashProtectOff
1c0209c8 T lockFlash
1c0209d8 T unlockFlash
1c0209e8 T l_writeFlash
1c020b18 T l_readFlash
1c020c10 T l_writeFlash_noErase
1c020d18 T sysGetMtdpartsInfo
1c020e70 T sysGetFlAddr
1c020fb0 T sysFixKernel
1c02103c T sysSetActiveInfo
1c02123c T sysSetActiveInfoWithOutFlash
1c021438 t static_get
1c021454 t static_peek
1c021460 t file_peek
1c02146c t syntax_err
1c02147c T do_showvar
1c0215d8 t xmalloc
1c0215fc t free_pipe_list
1c021708 t xrealloc
1c02172c t done_command
1c0217bc t is_assignment
1c02181c t file_get
1c021a48 t b_addchr
1c021ad0 t b_addqchr
1c021b24 T get_local_var
1c021be4 T set_local_var
1c021dd4 t insert_var_value_sub
1c0220a4 T unset_local_var
1c022154 T new_pipe
1c02217c t done_pipe
1c0221c8 T reserved_word
1c022388 t done_word
1c022550 T mapset
1c022584 T update_ifs_map
1c02264c T parse_string_outer
1c022758 t run_list_real
1c0230e4 t parse_stream_outer
1c0237f0 T parse_file_outer
1c023840 T u_boot_hush_start
1c0238a8 T image_check_hcrc
1c0238f8 T image_check_dcrc
1c023930 T image_multi_count
1c023960 T image_multi_getimg
1c0239f4 T getenv_yesno
1c023a1c T getenv_bootm_low
1c023a50 T getenv_bootm_size
1c023ab4 T getenv_bootm_mapsize
1c023ae8 T memmove_wd
1c023af4 T genimg_print_size
1c023b08 T get_table_entry_name
1c023b38 T genimg_get_os_name
1c023b58 T genimg_get_arch_name
1c023b7c T genimg_get_type_name
1c023ba0 T genimg_get_comp_name
1c023bc4 T image_print_contents
1c023c5c T get_table_entry_id
1c023cac T genimg_get_os_id
1c023ccc T genimg_get_arch_id
1c023cf0 T genimg_get_type_id
1c023d14 T genimg_get_comp_id
1c023d38 T genimg_get_format
1c023d58 T genimg_get_image
1c023d5c T genimg_has_config
1c023d64 T boot_get_ramdisk
1c023fdc T boot_ramdisk_high
1c024128 t delete_char.part.0
1c024214 t cread_add_char
1c024348 T __show_boot_progress
1c024348 W show_boot_progress
1c02434c T readline_into_buffer
1c024f08 T readline
1c024f34 T parse_line
1c024ff4 T run_command
1c024ffc T run_command_list
1c025058 T main_loop
1c0252a0 T do_run
1c025320 T get_ram_size
1c025484 t legacy_miiphy_read
1c0254bc t legacy_miiphy_write
1c0254e0 T miiphy_get_dev_by_name
1c02555c T miiphy_init
1c02557c T mdio_alloc
1c0255ac T miiphy_register
1c0256dc T mdio_register
1c02576c T mdio_list_devices
1c025844 T miiphy_set_current_dev
1c02588c t miiphy_get_active_dev
1c0258f4 T mdio_get_current_dev
1c025908 T mdio_phydev_for_ethname
1c0259a4 T miiphy_get_current_dev
1c0259c0 T miiphy_read
1c025a0c T miiphy_write
1c025a50 T miiphy_listdev
1c025ae0 T miiphy_info
1c025b6c T miiphy_reset
1c025c1c T miiphy_speed
1c025cdc T miiphy_duplex
1c025d9c T miiphy_is_1000base_x
1c025da4 t hex1_bin
1c025de4 t hex2_bin
1c025e1c T srec_decode
1c02607c T stdio_get_list
1c026090 T stdio_get_by_name
1c0260f0 T stdio_clone
1c02613c T stdio_register
1c026184 T stdio_init
1c026230 T CYGACC_COMM_IF_GETC_TIMEOUT
1c026284 t xyzModem_flush
1c0262b8 T CYGACC_COMM_IF_PUTC
1c0262c0 t xyzModem_get_hdr
1c0265dc T parse_num
1c026738 T xyzModem_stream_open
1c0268cc T xyzModem_stream_read
1c026bf0 T xyzModem_stream_close
1c026c60 T xyzModem_stream_terminate
1c026d38 T xyzModem_error
1c026df8 T get_dev
1c026e00 T get_partition_info
1c026e08 T get_device
1c026eb0 T get_device_and_partition
1c027238 T input_queue_ascii
1c027280 T input_tstc
1c0272d0 T input_getc
1c027340 T input_send_keycodes
1c0276a4 T input_add_table
1c0276e4 T input_init
1c0277a4 T input_stdio_register
1c0277fc T add_mtd_device
1c02788c T del_mtd_device
1c0278f4 T get_mtd_device
1c027980 T get_mtd_device_nm
1c0279fc T put_mtd_device
1c027a30 t flash_isequal
1c027b30 t flash_isset
1c027c44 t find_sector
1c027d10 t flash_add_byte.isra.6
1c027da8 W cfi_flash_bank_addr
1c027da8 t __cfi_flash_bank_addr
1c027db0 W cfi_flash_bank_size
1c027db0 t __cfi_flash_bank_size
1c027db8 T flash_sector_size
1c027df8 T flash_write_cmd
1c027ebc t flash_unlock_seq
1c027eec t flash_status_check
1c02812c t flash_full_status_check
1c0282cc t flash_write_cfiword
1c0284f4 T flash_erase
1c028718 T flash_print_info
1c028a50 T write_buff
1c028d90 T flash_real_protect
1c0291a0 T flash_read_user_serial
1c02920c T flash_read_factory_serial
1c029274 T __flash_cmd_reset
1c029274 W flash_cmd_reset
1c0292ac T flash_get_size
1c029dfc T flash_protect_default
1c029e00 T flash_init
1c029f1c T nand_register
1c029fcc T nand_init
1c02a038 t scan_read_raw_oob
1c02a114 t scan_read_raw
1c02a17c t read_bbt
1c02a468 t read_abs_bbt
1c02a5a0 t write_bbt
1c02ace8 t verify_bbt_descr
1c02af98 t check_pattern
1c02b174 t create_bbt
1c02b5b4 t search_bbt
1c02b810 T nand_update_bbt
1c02b970 t mark_bbt_region
1c02bbac T nand_scan_bbt
1c02c130 T nand_default_bbt
1c02c278 T nand_isbad_bbt
1c02c2e0 t check_skip_len
1c02c398 T nand_erase_opts
1c02c730 T nand_write_skip_bad
1c02c9ac T nand_read_skip_bad
1c02cc14 T nand_calculate_ecc
1c02cd18 T nand_correct_data
1c02ce48 T nand_read_byte
1c02ce58 t nand_read_byte16
1c02ce6c t nand_read_word
1c02ce7c T nand_write_buf
1c02cea4 T nand_read_buf
1c02cecc t nand_verify_buf
1c02cf24 T nand_write_buf16
1c02cf50 T nand_read_buf16
1c02cf7c t nand_verify_buf16
1c02cfd8 t nand_check_wp
1c02d028 t nand_read_page_raw
1c02d060 t nand_read_page_raw_syndrome
1c02d14c t nand_read_page_swecc
1c02d264 t nand_read_subpage
1c02d508 t nand_read_page_hwecc
1c02d650 t nand_read_page_hwecc_oob_first
1c02d79c t nand_read_page_syndrome
1c02d8d4 t nand_read_oob_std
1c02d918 t nand_read_oob_syndrome
1c02da1c t nand_write_oob_std
1c02da8c t nand_write_oob_syndrome
1c02dc38 t nand_write_page_raw
1c02dc6c t nand_write_page_raw_syndrome
1c02dd54 t nand_write_page_swecc
1c02de18 t nand_write_page_hwecc
1c02def0 t nand_write_page_syndrome
1c02dff4 t single_erase_cmd
1c02e030 t multi_erase_cmd
1c02e0b8 t nand_sync
1c02e0d8 t nand_block_checkbad
1c02e160 t nand_block_isbad
1c02e198 t nand_block_markbad
1c02e1d8 t nand_write_page
1c02e290 t nand_block_bad
1c02e3f8 t nand_wait
1c02e4d8 t nand_select_chip
1c02e53c t nand_fill_oob
1c02e668 t nand_do_write_oob
1c02e870 t nand_default_block_markbad
1c02ea1c t nand_do_write_ops
1c02ed84 t nand_write_oob
1c02ee38 t nand_write
1c02eed0 t nand_transfer_oob
1c02effc T nand_wait_ready
1c02f04c t nand_do_read_ops
1c02f488 t nand_read_oob
1c02f794 t nand_read
1c02f82c t nand_command
1c02fa08 t nand_command_lp
1c02fc70 T nand_erase_nand
1c0300ac t nand_erase
1c0300b4 T nand_scan_ident
1c030e6c T nand_scan_tail
1c031688 T nand_scan
1c0316ac T nand_release
1c0316f4 t spi_flash_read_write
1c031780 T spi_flash_cmd_read
1c0317a4 T spi_flash_cmd
1c0317d4 T spi_flash_cmd_write
1c0317f8 T spi_flash_read_common
1c03184c T spi_flash_cmd_read_fast
1c031894 T spi_flash_cmd_read_slow
1c0318d4 T spi_flash_cmd_poll_bit
1c03199c T spi_flash_cmd_wait_ready
1c0319a8 T spi_flash_cmd_write_multi
1c031ac0 T spi_flash_cmd_erase
1c031bbc T spi_flash_cmd_write_status
1c031c28 T spi_flash_probe
1c031d5c T spi_flash_free
1c031d78 T spi_flash_get_sector_size
1c031d98 T spi_flash_get_sector_num
1c031db8 t at45_wait_ready
1c031e80 t dataflash_erase_p2
1c031f80 t dataflash_write_p2
1c03209c t dataflash_erase_at45
1c0321c4 t dataflash_write_at45
1c032314 t dataflash_read_fast_at45
1c0323b4 T spi_flash_probe_atmel
1c032578 t macronix_wait_ready
1c032638 t set_4byte_mode
1c0326a0 t macronix_read_fast
1c03280c t macronix_write
1c0329c4 T macronix_erase
1c032b94 T spi_flash_probe_macronix
1c032c68 t spi_flash_set_bank_register
1c032d10 t spi_flash_cmd_read_fast_tp
1c032dbc t spi_flash_cmd_write_multi_tp
1c032e68 t spi_flash_cmd_erase_tp
1c032f04 T spi_flash_probe_spansion
1c033008 t sst_byte_write
1c033090 t sst_write_wp
1c0331ec T spi_flash_probe_sst
1c0332e0 t stmicro_wait_ready
1c033450 t set_4byte_mode
1c0334b8 t stmicro_read_fast
1c033624 t stmicro_write
1c0337dc T stmicro_erase
1c03398c T spi_flash_probe_stmicro
1c033a9c t spi_flash_cmd_read_tp
1c033f1c t spi_flash_cmd_erase_tp
1c03437c t spi_flash_cmd_write_multi_tp
1c0347fc T spi_flash_probe_winbond
1c0348e0 t bcmiproc_eth_write_hwaddr
1c0348e8 t bcmiproc_eth_rcv
1c0348ec t bcmiproc_eth_close
1c034910 T bcmiproc_miiphy_write
1c034920 T bcmiproc_miiphy_read
1c034930 t bcmiproc_eth_send
1c034988 t bcmiproc_eth_open
1c0349f4 T bcmiproc_eth_register
1c034af0 t gmac_init_reset
1c034b08 t gmac_clear_reset
1c034b20 t gmac_loopback
1c034b58 t dma_txreset.part.1
1c034c10 t dma_rxreset.part.2
1c034c6c t gmac_speed
1c034d50 t dma_ctrlflags.constprop.9
1c034d94 T gmac_cache_flush
1c034dd0 T gmac_cache_inval
1c034e0c T ethHw_Exit
1c034ee0 T ethHw_arlEntrySet
1c034f50 T ethHw_macEnableSet
1c034fc8 T ethHw_macEnableGet
1c035004 T ethHw_dmaInit
1c03509c T ethHw_dmaRxInit
1c0351a8 T ethHw_dmaTxInit
1c035254 T ethHw_dmaTx
1c0353b4 T ethHw_dmaTxWait
1c03548c T ethHw_dmaRx
1c03560c T ethHw_dmaAttach
1c035708 T ethHw_dmaDetach
1c035720 T ethHw_chipDetach
1c03574c T ethHw_dmaDisable
1c0357ac T ethHw_dmaEnable
1c0358bc T ethHw_miiphy_read
1c035974 T ethHw_miiphy_write
1c035a20 T ethHw_portLinkUp
1c035a60 T ethHw_checkPortSpeed
1c035b9c T ethHw_chipAttach
1c035e94 T ethHw_Init
1c036030 T chip_phy_wr
1c0361d4 T chip_phy_rd
1c03637c T phy5221_wr_reg
1c036424 T phy5221_rd_reg
1c0364c8 T phy5221_mod_reg
1c0365b0 T phy5221_fe_reset
1c036670 T phy5221_fe_init
1c0366d8 T phy5221_init
1c036774 T phy5221_link_get
1c0368a0 T phy5221_enable_set
1c03691c T phy5221_speed_get
1c036ba0 T phy5461_wr_reg
1c036d34 T phy5461_rd_reg
1c036ec4 T phy5461_mod_reg
1c0370c4 T phy5461_ge_reset
1c03719c T phy5461_ge_interface_set
1c037258 T phy5461_ge_init
1c03732c T phy5461_reset_setup
1c037404 T phy5461_init
1c03746c T phy5461_link_get
1c0375b4 T phy5461_speed_get
1c037870 t srab_interface_reset
1c0378b8 t srab_wreg
1c0379d0 t srab_rreg
1c037ae4 T bcm_robo_attach
1c037c4c T bcm_robo_detach
1c037c50 T bcm_robo_enable_device
1c037c58 T bcm_robo_config_vlan
1c0380fc T bcm_robo_enable_switch
1c038364 T serdes_set_blk
1c0383d8 T serdes_wr_reg
1c03842c T serdes_rd_reg
1c03846c T serdes_get_id
1c038478 T serdes_reset
1c0384ec T serdes_reset_core
1c0385dc T serdes_start_pll
1c038670 T serdes_init
1c03884c T pci_hose_read_config_byte
1c03885c T pci_hose_read_config_word
1c03886c T pci_hose_read_config_dword
1c03887c T pci_hose_write_config_byte
1c03888c T pci_hose_write_config_word
1c03889c T pci_hose_write_config_dword
1c0388ac T pci_hose_read_config_byte_via_dword
1c0388f4 T pci_hose_read_config_word_via_dword
1c03893c T pci_hose_write_config_byte_via_dword
1c0389b8 T pci_hose_write_config_word_via_dword
1c038a34 T pci_register_hose
1c038a50 T pci_bus_to_hose
1c038a84 T pci_last_busno
1c038abc T pci_find_devices
1c038be0 T pci_find_device
1c038c00 T __pci_hose_phys_to_bus
1c038c8c T pci_hose_phys_to_bus
1c038d20 T __pci_hose_bus_to_phys
1c038dac T pci_hose_bus_to_phys
1c038e40 T pci_map_bar
1c038e7c T pci_hose_config_device
1c039074 T pci_find_config
1c039148 T pci_cfgfunc_config_device
1c039170 T pci_cfgfunc_do_nothing
1c039174 T pci_class_str
1c039328 T __pci_skip_dev
1c03933c T __pci_print_dev
1c039350 T pci_hose_scan_bus
1c0394bc T pci_hose_scan
1c0394d4 T pci_init
1c0394ec T iproc_pcie_rd_conf_dword
1c039544 T iproc_pcie_rd_conf_word
1c0395b8 T iproc_pcie_rd_conf_byte
1c03962c T iproc_pcie_wr_conf_dword
1c039680 T iproc_pcie_wr_conf_word
1c0396dc T iproc_pcie_wr_conf_byte
1c039738 T pci_read_config_dword
1c039790 T pci_read_config_word
1c0397f4 T pci_read_config_byte
1c039858 T pci_bus0_read_config_word
1c039898 T pci_bus0_read_config_byte
1c0398d8 T pci_write_config_dword
1c03992c T pci_write_config_word
1c039988 T pci_write_config_byte
1c0399e4 T pci_bus0_write_config_word
1c039a30 T pci_bus0_write_config_byte
1c039a7c T pcie_diag_wr_conf_dword
1c039ad0 T pcie_diag_rd_conf_dword
1c039b28 T pci_iproc_init_board
1c039f88 T pci_skip_dev
1c039f90 T pci_print_dev
1c039f98 T GregorianDay
1c03a0d0 T to_tm
1c03a1fc T mktime
1c03a280 T NS16550_init
1c03a2c8 T NS16550_reinit
1c03a314 T NS16550_putc
1c03a330 T NS16550_getc
1c03a344 T NS16550_tstc
1c03a350 t calc_divisor.isra.0
1c03a374 T serial_init
1c03a394 T _serial_putc
1c03a3ec T _serial_putc_raw
1c03a408 T _serial_puts
1c03a438 T _serial_getc
1c03a458 T _serial_tstc
1c03a470 T _serial_setbrg
1c03a49c T serial_putc
1c03a4a4 T serial_putc_raw
1c03a4ac T serial_puts
1c03a4b4 T serial_getc
1c03a4bc T serial_tstc
1c03a4c4 T serial_setbrg
1c03a4cc T find_str_indx
1c03a524 T early_access_env_vars
1c03a614 t bspi_emulate_flash_read
1c03a8b4 T spi_cs_is_valid
1c03a8c4 T spi_cs_activate
1c03a8c8 T spi_cs_deactivate
1c03a8cc T spi_init
1c03a8d0 T spi_setup_slave
1c03aa40 T spi_free_slave
1c03aa4c T spi_claim_bus
1c03aaa8 T spi_release_bus
1c03ab10 T spi_xfer
1c03b034 T cyg_crc16
1c03b080 T crc32_no_comp
1c03b16c T crc32
1c03b180 T crc32_wd
1c03b184 T crc7
1c03b1c0 T display_options
1c03b1f4 T print_size
1c03b1f8 T print_buffer
1c03b3f4 T __div64_32
1c03b504 T gzfree
1c03b50c T gzalloc
1c03b51c T zunzip
1c03b664 T gunzip
1c03b75c t cmpkey
1c03b770 t drop_var_from_set.part.0
1c03b7c0 T hcreate_r
1c03b8a4 T hdestroy_r
1c03b958 T hstrstr_r
1c03ba20 T hmatch_r
1c03badc T hsearch_r
1c03be50 T hdelete_r
1c03bf14 T hexport_r
1c03c268 T himport_r
1c03c6ac T ldiv
1c03c6fc t lmb_add_region
1c03c948 T lmb_dump_all
1c03c94c T lmb_init
1c03c974 T lmb_add
1c03c978 T lmb_free
1c03cad8 T lmb_reserve
1c03cae0 T lmb_overlaps_region
1c03cb40 T __lmb_alloc_base
1c03cc7c T lmb_alloc_base
1c03ccb4 T lmb_alloc
1c03ccbc T lmb_is_reserved
1c03cd14 T __board_lmb_reserve
1c03cd14 W board_lmb_reserve
1c03cd18 T __arch_lmb_reserve
1c03cd1c T string_to_ip
1c03cd84 T qsort
1c03ce70 T strcmp_compar
1c03ce7c T strcpy
1c03ce98 T strncpy
1c03cec0 T strcat
1c03cf04 T strncat
1c03cf64 T strcmp
1c03cf98 T strncmp
1c03d018 T strchr
1c03d060 T skip_spaces
1c03d0b8 T strlen
1c03d0ec T strim
1c03d184 T strrchr
1c03d1c0 T strnlen
1c03d224 T strdup
1c03d25c T strspn
1c03d2cc T strpbrk
1c03d32c T strtok
1c03d3c0 T strsep
1c03d3f4 T strswab
1c03d448 T memset
1c03d4c4 T bcopy
1c03d4f8 T memcpy
1c03d584 T memmove
1c03d5e4 T memcmp
1c03d638 T memscan
1c03d678 T strstr
1c03d6e4 T memchr
1c03d714 T strmhz
1c03d780 T udelay
1c03d7b0 T mdelay
1c03d7d0 t put_dec_trunc
1c03d8b4 t put_dec
1c03da3c t string.isra.0
1c03db00 t number.isra.4
1c03de14 T simple_strtoul
1c03df50 T strict_strtoul
1c03dfd4 T simple_strtol
1c03dffc T ustrtoul
1c03e0f0 T simple_strtoull
1c03e29c T vsprintf
1c03ebc0 T sprintf
1c03ebf0 T panic
1c03ec3c T __assert_fail
1c03ec58 T simple_itoa
1c03ecb4 t LzmaDec_WriteRem
1c03ed5c t LzmaDec_DecodeReal2
1c03fb50 t LzmaDec_TryDummy
1c040130 T LzmaDec_InitDicAndState
1c040164 T LzmaDec_Init
1c040178 T LzmaDec_DecodeToDic
1c040590 T LzmaDec_DecodeToBuf
1c040688 T LzmaDec_FreeProbs
1c0406ac t LzmaDec_AllocateProbs2
1c040724 T LzmaDec_Free
1c040750 T LzmaProps_Decode
1c0407f4 T LzmaDec_AllocateProbs
1c040844 T LzmaDec_Allocate
1c040900 T LzmaDecode
1c0409d0 t SzFree
1c0409d8 t SzAlloc
1c0409e0 T lzmaBuffToBuffDecompress
1c040ac8 T zcfree
1c040ad0 T zcalloc
1c040ad8 T inflate_fast
1c0411f8 T inflate_table
1c04178c T inflateReset
1c041810 T inflateInit2_
1c041948 T inflateInit_
1c04195c T inflateEnd
1c0419c4 T adler32
1c041d10 T inflate
1c043890 T ArpInit
1c043908 T arp_raw_request
1c0439f8 T ArpRequest
1c043aa8 T ArpTimeoutCheck
1c043b44 T ArpReceive
1c043d90 t DhcpOptionsProcess
1c044104 t DhcpHandler
1c0445f0 T BootpRequest
1c044884 t BootpTimeout
1c0448e0 T DhcpRequest
1c0448e4 W cpu_eth_init
1c0448e4 t __def_eth_init
1c0448ec t eth_current_changed
1c044968 T eth_parse_enetaddr
1c0449c0 T eth_getenv_enetaddr
1c044a1c T eth_setenv_enetaddr
1c044a54 T eth_getenv_enetaddr_by_index
1c044aa8 T eth_get_dev_by_name
1c044b44 T eth_get_dev_by_index
1c044b84 T eth_get_dev_index
1c044bb0 T eth_write_hwaddr
1c044db0 T eth_register
1c044e48 T eth_unregister
1c044f0c T eth_initialize
1c045164 T eth_halt
1c0451a4 T eth_send
1c0451ec T eth_rx
1c045228 T eth_try_another
1c0452d4 T eth_init
1c0453d4 T eth_set_current
1c04549c T eth_get_name
1c0454d0 t startAgainTimeout
1c0454f4 t dummy_handler
1c0454f8 T net_auto_load
1c045550 T net_get_udp_handler
1c045560 T net_set_udp_handler
1c04559c T net_get_arp_handler
1c0455b0 T net_set_arp_handler
1c0455ec T NetSetTimeout
1c045648 T NetStartAgain
1c0457c4 t net_clear_handlers
1c0457e8 T NetCksum
1c045828 T NetCksumOk
1c045848 T NetReceive
1c045b34 T NetEthHdrSize
1c045b8c T NetSetEther
1c045c5c T net_update_ether
1c045cf0 T net_set_ip_header
1c045d90 T net_set_udp_header
1c045e4c T NetSendUDPPacket
1c045f9c T copy_filename
1c046008 T ip_to_string
1c046048 T VLAN_to_string
1c0460a0 T string_to_VLAN
1c0460e4 T getenv_VLAN
1c0460f4 t NetInitLoop
1c04620c T net_init
1c046294 T NetLoop
1c0466a4 t ping_timeout
1c0466d0 T ping_start
1c046830 T ping_receive
1c046948 t TftpSend
1c046b48 t TftpHandler
1c046f18 t TftpTimeout
1c046fa8 T TftpStart
1c047380 T init_timeouts
1c0474a0 T init_axitrace
1c0474dc T board_init
1c047500 T misc_init_r
1c047508 T dram_init
1c047568 T board_early_init_f
1c0475f8 T board_late_init
1c047644 T board_eth_init
1c04764c T raise
1c047654 T __aeabi_unwind_cpp_pr0
1c047658 T __aeabi_unwind_cpp_pr1
1c04765c T __udivsi3
1c04765c t .udivsi3_skip_div0_test
1c04765c t __aeabi_uidiv
1c047704 t __aeabi_uidivmod
1c047724 T __divsi3
1c047724 t __aeabi_idiv
1c04772c t .divsi3_skip_div0_test
1c047800 t __aeabi_idivmod
1c047820 t __aeabi_uldivmod
1c04785c t __aeabi_idiv0
1c04785c t __aeabi_ldiv0
1c04786c T __gnu_ldivmod_helper
1c0478a8 t __gnu_uldivmod_helper
1c0478e4 t __divdi3
1c047d6c t __udivdi3
1c048178 t sanitize_string
1c050000 r mmu_table1
1c054000 r iproc_nand_strap_types
1c054024 r iproc_nand_strap_page_sizes
1c054034 r nand_iproc_ecc_bytes
1c054044 r block_sizes
1c054060 r device_sizes
1c0540a0 r page_sizes
1c0540b0 r __func__.7041
1c0540c8 r __func__.6976
1c0540e0 r __func__.6966
1c0540fc r __func__.7049
1c054118 r __func__.7060
1c054130 R pfds
1c054248 R smts
1c054260 R drc_channel_set
1c054280 R shmoo_dram_config
1c054284 r __func__.5864
1c05429c r __func__.5957
1c0542b8 R pl310
1c0542bc r __func__.6838
1c0542c8 r __func__.6262
1c0542d8 r baudrate_table
1c0542ec r __func__.6228
1c0542fc V version_string
1c054300 r CSWTCH.40
1c054358 r __func__.5930
1c054368 r __func__.5941
1c054374 R default_environment
1c0544d8 r __func__.6021
1c0544e0 r erase_seq
1c0544e4 r tab_seq
1c0544f0 r __FUNCTION__.6410
1c054500 r CSWTCH.23
1c054534 r kbd_plain_xlate
1c054598 r flash_offset_cfi
1c0545a0 r __FUNCTION__.6733
1c0545b4 r __FUNCTION__.6587
1c0545c0 r nand_ecc_precalc_table
1c0546c0 r __FUNCTION__.6593
1c0546d4 r __FUNCTION__.7178
1c0546e4 r __FUNCTION__.6938
1c0546f8 r __func__.7271
1c054708 r __func__.7346
1c05471c r __func__.7330
1c054734 r __FUNCTION__.7389
1c054754 r __func__.6298
1c054768 r banner
1c054790 r __FUNCTION__.6874
1c05479c r __FUNCTION__.6913
1c0547ac r __FUNCTION__.6936
1c0547c0 r __FUNCTION__.6945
1c0547d4 r __FUNCTION__.6822
1c0547e8 r __FUNCTION__.7109
1c0547f4 r __FUNCTION__.7131
1c054800 r __FUNCTION__.6675
1c054814 r __FUNCTION__.6656
1c054824 r __FUNCTION__.6671
1c054834 r __FUNCTION__.6689
1c054844 r __FUNCTION__.6696
1c054858 r __FUNCTION__.6248
1c054868 r __FUNCTION__.6290
1c054880 r __FUNCTION__.6609
1c054890 r __FUNCTION__.6616
1c0548a4 r __FUNCTION__.6626
1c0548b8 r CSWTCH.77
1c0548f4 r serial_ports
1c054918 r crc16_tab
1c054b18 r crc_table
1c054f18 R crc7_syndrome_table
1c055018 R _ctype
1c055118 r digits.5862
1c055128 R hex_asc
1c05513c r kLiteralNextStates
1c055154 r lext.6156
1c055194 r lbase.6155
1c0551d4 r dext.6158
1c055214 r dbase.6157
1c055254 r lenfix
1c055a54 r distfix
1c055ad4 r order.6251
1c055afc r __FUNCTION__.6353
1c06277c D genpll_clk_tab
1c062820 D armpll_clk_tab
1c0629a8 D license_gzip
1c0642e8 d dp_last_length
1c0642ec d env_id
1c0642f0 D load_addr
1c0642f4 D ShortPCIListing
1c0642f8 d sbrk_base
1c0642fc d trim_threshold
1c064300 d mmap_threshold
1c064304 D flashDistributeInfo
1c064330 D dftFlashDistributeInfo
1c06435c D gevMap
1c064398 D profileMap
1c0643c8 d flashInit
1c0643cc D md5key
1c0643dc d hist_cur
1c0643e0 d kbd_shift_xlate
1c064444 d kbd_ctrl_xlate
1c0644a8 D nand_curr_device
1c0644ac d scan_ff_pattern
1c0644b0 d bbt_pattern
1c0644b4 d mirror_pattern
1c0644b8 d scan_agand_pattern
1c0644c0 d nand_oob_8
1c064708 d nand_oob_16
1c064950 d nand_oob_64
1c064b98 d nand_oob_128
1c064de0 D pdesc97
1c064e4c d soc_pcie_ports
1c064e58 D PCI_SLOT_ADDR
1c064e5c D OUT_PCI_ADDR
1c064e60 d month_days
1c064e90 d first_call.5909
1c064e94 D NetOurNativeVLAN
1c064e96 D NetOurVLAN
1c064e98 D NetBcastAddr
1c064ea0 d TftpTimeoutMSecs
1c064ea4 d TftpBlkSizeOption
1c064ea6 d TftpBlkSize
1c064ea8 d TftpTimeoutCountMax
1c064eac D TftpRRQTimeoutCountMax
1c064eb0 D TftpRRQTimeoutMSecs
1c064eb4 D ddr_phy_ctl_ovrd_tab
1c064ed0 D ddr_phy_wl0_tab_ddr3
1c0651e4 D ddr_phy_wl0_tab_ddr2
1c0654f8 D ddr_clk_tab
1c0655bc D ddr3_mode_reg_tab
1c0655cc D ddr2_mode_reg_tab
1c0655dc D ddr3_init_tab_933
1c0655e8 D ddr3_init_tab_1333
1c065adc D ddr3_init_tab_1600
1c065fc8 D ddr3_init_tab_1066
1c0664b4 D ddr3_init_tab_800
1c0669a0 D ddr3_init_tab_800_tp_wolfhound_board
1c066e8c D ddr3_init_tab_667
1c067378 D ddr2_init_tab_1066
1c0678ac D ddr2_init_tab_1066_tp_wolfhound_board
1c067de0 D ddr2_init_tab_800_tp_wolfhound_board
1c068314 D ddr2_init_tab_800
1c068848 D ddr2_init_tab_667_tp_wolfhound_board
1c068d7c D ddr2_init_tab_667
1c0692b0 D ddr2_init_tab
1c0692bc D ddr_init_tab
1c06976c d iproc_chip_list
1c06999c d cmd_bootm_sub
1c069a60 d av_
1c069e68 D env_name_spec
1c069e6c d reserved_list
1c069ef0 D stdio_names
1c069efc d bbt_main_descr
1c069f20 d bbt_mirror_descr
1c069f44 d agand_flashbased
1c069f68 d bbt_main_no_bbt_descr
1c069f8c d bbt_mirror_no_bbt_descr
1c069fb0 d srab
1c069fc4 D init_sequence
1c069fe8 D bootCommand
1c06a020 d cmd_env_sub
1c06a100 D env_htab
1c06a110 d imageName
1c06a118 d op_table
1c06a180 d reg_0_5_desc_tbl
1c06a1b0 d desc_and_len_tbl
1c06a1e0 d reg_0_desc_tbl
1c06a258 d reg_1_desc_tbl
1c06a318 d reg_2_desc_tbl
1c06a324 d reg_3_desc_tbl
1c06a348 d reg_4_desc_tbl
1c06a3d8 d reg_5_desc_tbl
1c06a468 d uimage_os
1c06a4bc d uimage_arch
1c06a5b8 d uimage_type
1c06a684 d uimage_comp
1c06a6cc D nand_manuf_ids
1c06a71c D nand_flash_ids
1c06addc d atmel_spi_flash_table
1c06ae3c d macronix_spi_flash_table
1c06aebc d spansion_spi_flash_table
1c06af4c d sst_spi_flash_table
1c06af94 d stmicro_spi_flash_table
1c06b044 d winbond_spi_flash_table
1c06b09c D z_errmsg
1c06b0c4 d boot_os
1c06b110 d flashes
1c06b148 A __u_boot_cmd_start
1c06b148 D __u_boot_cmd_reset
1c06b164 D __u_boot_cmd_menu
1c06b180 D __u_boot_cmd_go
1c06b19c D __u_boot_cmd_bootm
1c06b1b8 D __u_boot_cmd_coninfo
1c06b1d4 D __u_boot_cmd_echo
1c06b1f0 D __u_boot_cmd_exit
1c06b20c D __u_boot_cmd_protect
1c06b228 D __u_boot_cmd_erase
1c06b244 D __u_boot_cmd_flinfo
1c06b260 D __u_boot_cmd_question_mark
1c06b27c D __u_boot_cmd_help
1c06b298 D __u_boot_cmd_itest
1c06b2b4 D __u_boot_cmd_license
1c06b2d0 D __u_boot_cmd_loady
1c06b2ec D __u_boot_cmd_loadb
1c06b308 D __u_boot_cmd_mwc
1c06b324 D __u_boot_cmd_mdc
1c06b340 D __u_boot_cmd_mtest
1c06b35c D __u_boot_cmd_loop
1c06b378 D __u_boot_cmd_base
1c06b394 D __u_boot_cmd_crc32
1c06b3b0 D __u_boot_cmd_cmp
1c06b3cc D __u_boot_cmd_cp
1c06b3e8 D __u_boot_cmd_mw
1c06b404 D __u_boot_cmd_nm
1c06b420 D __u_boot_cmd_mm
1c06b43c D __u_boot_cmd_md
1c06b458 D __u_boot_cmd_mii
1c06b474 D __u_boot_cmd_sleep
1c06b490 D __u_boot_cmd_mtdparts
1c06b4ac D __u_boot_cmd_chpart
1c06b4c8 D __u_boot_cmd_nboot
1c06b4e4 D __u_boot_cmd_nand
1c06b500 D __u_boot_cmd_ping
1c06b51c D __u_boot_cmd_dhcp
1c06b538 D __u_boot_cmd_tftpboot
1c06b554 D __u_boot_cmd_bootp
1c06b570 D __u_boot_cmd_run
1c06b58c D __u_boot_cmd_setenv
1c06b5a8 D __u_boot_cmd_printenv
1c06b5c4 D __u_boot_cmd_env
1c06b5e0 D __u_boot_cmd_saveenv
1c06b5fc D __u_boot_cmd_pci
1c06b618 D __u_boot_cmd_sf
1c06b634 D __u_boot_cmd_source
1c06b650 D __u_boot_cmd_true
1c06b66c D __u_boot_cmd_false
1c06b688 D __u_boot_cmd_test
1c06b6a4 D __u_boot_cmd_version
1c06b6c0 D __u_boot_cmd_showvar
1c06b6dc A __image_copy_end
1c06b6dc A __u_boot_cmd_end
1c06b6dc B __bss_start
1c06b6dc B iproc_clk
1c06b6dc R __rel_dyn_start
1c06b6ec b IRQ_HANDLER
1c06c6ec b iproc_nand_oob_layout
1c06c934 b cs.7122
1c06c938 B inand
1c06c93c B mlocal
1c06c940 B monitor_flash_len
1c06c944 b params
1c06c948 B images
1c06ca74 b os_data_state
1c06ca78 b os_data_addr
1c06ca7c b bin_start_address
1c06ca80 b a_b
1c06ca98 b k_data_escape
1c06ca9c b k_data_escape_saved
1c06caa0 b os_data_state_saved
1c06caa4 b os_data_addr_saved
1c06caa8 B send_ptr
1c06caac B send_parms
1c06cac0 B os_data_char
1c06cac4 B os_data_init
1c06cac8 B his_quote
1c06cac9 B his_pad_char
1c06cacc B his_pad_count
1c06cad0 B his_eol
1c06cad4 b base_address
1c06cad8 b dp_last_addr
1c06cadc b dp_last_size
1c06cae0 b mm_last_addr
1c06cae4 b mm_last_size
1c06cae8 b last_op
1c06caec b last_addr_lo
1c06caf0 b last_addr_hi
1c06caf4 b last_reg_lo
1c06caf8 b last_reg_hi
1c06cafc b last_data
1c06cb00 b last_partition
1c06cb10 b last_parts
1c06cd10 b initialized.7027
1c06cd14 b last_ids
1c06cd94 B current_mtd_partnum
1c06cd98 B current_mtd_dev
1c06cd9c B devices
1c06cda4 B mtdids
1c06cdb0 b last.6774
1c06cdb8 B save_size
1c06cdbc B save_addr
1c06cdc0 b flash
1c06cdc4 b tmp_buf.5820
1c06cfc4 b tmp_buf
1c06d3c4 b ctrlc_disabled
1c06d3c8 b ctrlc_was_pressed
1c06d3cc b current_mallinfo
1c06d3f4 b top_pad
1c06d3f8 b max_sbrked_mem
1c06d3fc b max_total_mem
1c06d400 b n_mmaps_max
1c06d404 B mem_malloc_brk
1c06d408 B mem_malloc_end
1c06d40c B mem_malloc_start
1c06d410 b env_flash
1c06d414 B flashAppInited
1c06d418 B flash_app_debug
1c06d41c B flashAppInnerInited
1c06d420 B fii_head
1c06d424 B flashInnerEdgeOffset
1c06d428 B flash_app_inner_debug
1c06d42c B flashGevInited
1c06d430 B pEnvHead
1c06d434 B gev_debug
1c06d438 B profile_debug
1c06d43c b flashDevSectorSize
1c06d440 b flashSectorCount
1c06d444 b top_vars
1c06d448 b the_command.6024
1c06d848 b flag_repeat
1c06d84c b do_repeat
1c06d850 b buf.6224
1c06d878 b map
1c06d978 b ifs
1c06d97c B nesting_level
1c06d980 B last_return_code
1c06d984 b initted.6138
1c06d988 b hist_max
1c06d98c b hist_add_idx
1c06d990 b lastcommand.5995
1c06da7c R __dynsym_start
1c06da7c R __rel_dyn_end
1c06dd90 B hist_lines
1c072da4 B hist_list
1c072df4 B hist_num
1c072df8 B console_buffer
1c0731fc b mii_devs
1c073204 b current_mii
1c073208 b devs
1c073244 B stdio_devices
1c073250 b xyz
1c07368c B mtd_table
1c07370c b saved_sector.6302
1c073710 b saved_info.6303
1c073714 B flash_info
1c074150 b dev_name
1c074158 b total_nand_size
1c074160 b nand_chip
1c074388 B nand_info
1c074430 B sector_size
1c074434 B sector_num
1c074438 b orgspd.6960
1c07443c b orgdpx.6961
1c074440 B txDataBuf
1c074444 B txDescAlignedBuf
1c074448 B txDescBuf
1c07444c B rxDataBuf
1c074450 B rxDescAlignedBuf
1c074454 B rxDescBuf
1c074458 B g_eth_data
1c0745ec B reg_debug
1c0745f0 b hose_head
1c0745f4 b local_hose
1c0746d4 b ids.6351
1c0746e4 b indent.6489
1c0746e8 b conf_trace
1c0746ec B linkError
1c0746f0 B PORT_IN_USE
1c0746f4 B errno
1c0746f8 B ___strtok
1c0746fc b local.6041
1c074714 B NetArpPacketBuf
1c074d54 B NetArpTxPacket
1c074d58 B NetArpWaitTry
1c074d5c B NetArpWaitTimerStart
1c074d60 B NetArpWaitTxPacketSize
1c074d64 B NetArpWaitPacketMAC
1c074d68 B NetArpWaitReplyIP
1c074d6c B NetArpWaitPacketIP
1c074d70 B NetDHCPServerIP
1c074d74 B dhcp_leasetime
1c074d78 B dhcp_state
1c074d7c B BootpTry
1c074d80 B BootpID
1c074d84 b eth_devices
1c074d88 b index.6381
1c074d8c b first_failed.6428
1c074d90 b act.6433
1c074d94 b env_changed_id.6434
1c074d98 B eth_current
1c074d9c b udp_packet_handler
1c074da0 b arp_packet_handler
1c074da4 b timeHandler
1c074da8 b timeStart
1c074dac b timeDelta
1c074db0 b NetTryCount
1c074db4 b NetRestarted
1c074db8 b NetDevExists
1c074dbc b env_changed_id.5898
1c074dc0 B NetTxPacket
1c074dc4 B NetRxPackets
1c074dd4 B PktBuf
1c076c14 B BootFile
1c076c94 B NetRestartWrap
1c076c98 B net_state
1c076c9c B NetEtherNullAddr
1c076ca4 B NetIPID
1c076ca8 B NetRxPacketLen
1c076cac B NetRxPacket
1c076cb0 B NetServerIP
1c076cb4 B NetOurIP
1c076cb8 B NetServerEther
1c076cc0 B NetOurEther
1c076cc8 B NetBootFileXferSize
1c076ccc B NetBootFileSize
1c076cd0 B NetOurRootPath
1c076d10 B NetOurHostName
1c076d30 B NetOurNISDomain
1c076d50 B NetOurDNSIP
1c076d54 B NetOurGatewayIP
1c076d58 B NetOurSubnetMask
1c076d5c b PingSeqNo
1c076d60 B NetPingIP
1c076d64 b TftpState
1c076d68 b tftp_filename
1c076de8 b TftpBlock
1c076dec b TftpRemoteIP
1c076df0 b TftpRemotePort
1c076df4 b TftpOurPort
1c076df8 b TftpBlockWrap
1c076dfc b TftpBlockWrapOffset
1c076e00 b TftpTimeoutCount
1c076e04 b TftpLastBlock
1c076e08 b default_filename
1c076e18 B __bss_end__
1c076e18 B _end
