nand_base.c:167:9:nand_read_byte	0	static
nand_base.c:180:16:nand_read_byte16	0	static
nand_base.c:193:12:nand_read_word	0	static
nand_base.c:230:6:nand_write_buf	0	static
nand_base.c:247:6:nand_read_buf	0	static
nand_base.c:264:12:nand_verify_buf	0	static
nand_base.c:283:6:nand_write_buf16	0	static
nand_base.c:303:6:nand_read_buf16	0	static
nand_base.c:322:12:nand_verify_buf16	0	static
nand_base.c:454:12:nand_check_wp	16	static
nand_base.c:818:12:nand_read_page_raw	16	static
nand_base.c:835:12:nand_read_page_raw_syndrome	32	static
nand_base.c:876:12:nand_read_page_swecc	48	static
nand_base.c:918:12:nand_read_subpage	48	static
nand_base.c:1006:12:nand_read_page_hwecc	48	static
nand_base.c:1056:12:nand_read_page_hwecc_oob_first	40	static
nand_base.c:1101:12:nand_read_page_syndrome	32	static
nand_base.c:1383:12:nand_read_oob_std	16	static
nand_base.c:1402:12:nand_read_oob_syndrome	48	static
nand_base.c:1439:12:nand_write_oob_std	24	static
nand_base.c:1463:12:nand_write_oob_syndrome	56	static
nand_base.c:1663:13:nand_write_page_raw	16	static
nand_base.c:1678:13:nand_write_page_raw_syndrome	32	static
nand_base.c:1715:13:nand_write_page_swecc	48	static
nand_base.c:1741:13:nand_write_page_hwecc	40	static
nand_base.c:1772:13:nand_write_page_syndrome	32	static
nand_base.c:2190:13:single_erase_cmd	16	static
nand_base.c:2206:13:multi_erase_cmd	16	static
nand_base.c:2403:13:nand_sync	8	static
nand_base.c:477:12:nand_block_checkbad	40	static
nand_base.c:2420:12:nand_block_isbad	24	static
nand_base.c:2434:12:nand_block_markbad	24	static
nand_base.c:1816:12:nand_write_page	32	static
nand_base.c:344:12:nand_block_bad	24	static
nand_base.c:768:12:nand_wait	24	static
nand_base.c:2493:13:sanitize_string	0	static
nand_base.c:206:13:nand_select_chip	8	static
nand_base.c:1870:17:nand_fill_oob	24	static
nand_base.c:2068:12:nand_do_write_oob	56	static
nand_base.c:396:12:nand_default_block_markbad	56	static
nand_base.c:1921:12:nand_do_write_ops	88	static
nand_base.c:2146:12:nand_write_oob	40	static
nand_base.c:2033:12:nand_write	32	static
nand_base.c:1153:17:nand_transfer_oob	24	static
nand_base.c:501:6:nand_wait_ready	16	static
nand_base.c:1203:12:nand_do_read_ops	96	static
nand_base.c:1617:12:nand_read_oob	88	static
nand_base.c:1347:12:nand_read	32	static
nand_base.c:527:13:nand_command	24	static
nand_base.c:632:13:nand_command_lp	32	static
nand_base.c:2238:5:nand_erase_nand	80	static
nand_base.c:2224:12:nand_erase	0	static
nand_base.c:2879:5:nand_scan_ident	80	static
nand_base.c:2936:5:nand_scan_tail	24	static
nand_base.c:3196:5:nand_scan	8	static
nand_base.c:3210:6:nand_release	8	static
